// Jest Snapshot v1, https://goo.gl/fbAQLP

exports[`renders correctly 1`] = `
<RCTSafeAreaView
  style={
    Array [
      Object {
        "alignItems": "center",
        "backgroundColor": "#EAEAEA",
        "flexBasis": 0,
        "flexDirection": "column",
        "flexGrow": 1,
        "flexShrink": 1,
        "justifyContent": "space-around",
      },
    ]
  }
>
  <View
    accessible={true}
    isTVSelectable={true}
    onResponderGrant={[Function]}
    onResponderMove={[Function]}
    onResponderRelease={[Function]}
    onResponderTerminate={[Function]}
    onResponderTerminationRequest={[Function]}
    onStartShouldSetResponder={[Function]}
    style={
      Object {
        "alignItems": "center",
        "backgroundColor": "#FFFFFF",
        "borderRadius": 10,
        "height": "30%",
        "justifyContent": "center",
        "opacity": 1,
        "width": "70%",
      }
    }
  >
    <Text
      style={
        Array [
          Object {
            "color": "#19A5B0",
            "fontSize": 50,
          },
        ]
      }
    >
      Check In
    </Text>
  </View>
  <View
    accessible={true}
    isTVSelectable={true}
    onResponderGrant={[Function]}
    onResponderMove={[Function]}
    onResponderRelease={[Function]}
    onResponderTerminate={[Function]}
    onResponderTerminationRequest={[Function]}
    onStartShouldSetResponder={[Function]}
    style={
      Object {
        "alignItems": "center",
        "backgroundColor": "#FFFFFF",
        "borderRadius": 10,
        "height": "30%",
        "justifyContent": "center",
        "opacity": 1,
        "width": "70%",
      }
    }
  >
    <Text
      style={
        Array [
          Object {
            "color": "#19A5B0",
            "fontSize": 50,
          },
        ]
      }
    >
      Insight
    </Text>
  </View>
</RCTSafeAreaView>
`;
